// Jest Snapshot v1, https://goo.gl/fbAQLP

exports[`EventForm should render 1`] = `
<div>
  <div class="container-fluid">
    <div class="row">
      <nav class="navbar fixed-top w-100 bg-light-gray navbar-light navbar-expand-sm"><button type="button" aria-label="Toggle navigation" aria-controls="nav_collapse" aria-expanded="false" class="navbar-toggler"><span class="navbar-toggler-icon"></span></button>
        <div class="navbar-brand limegreen brand">debty</div>
        <div id="nav_collapse" class="navbar-collapse collapse" style="display: none;">
          <ul class="navbar-nav">
            <li class="nav-item"><a target="_self" href="/home" class="nav-link">
                Home
              </a></li>
          </ul>
          <ul class="navbar-nav">
            <li class="nav-item"><a target="_self" href="/events" class="nav-link">
                Events
              </a></li>
          </ul>
          <ul class="navbar-nav">
            <li class="nav-item"><a target="_self" href="/debts" class="nav-link">
                Debts
              </a></li>
          </ul>
          <ul class="navbar-nav">
            <li class="nav-item"><a target="_self" href="/contacts" class="nav-link">
                Contacts
                <!----></a></li>
          </ul>
          <ul class="navbar-nav">
            <li class="nav-item"><a target="_self" href="/profile" class="nav-link">
                Profile
              </a></li>
          </ul>
          <ul class="navbar-nav ml-auto"><span> Welcome, <b></b></span>
            <font-awesome-icon icon="sign-out-alt" class="icon ml-4 mr-2 mt-1"></font-awesome-icon> <span>Sign out</span></ul>
        </div>
      </nav>
    </div>
  </div>
  <div class="diagonal-background container-fluid">
    <div class="container">
      <div class="row">
        <div class="TM30px col-sm-12 col-md-6 offset-md-3">
          <div class="row">
            <h2>Create event</h2>
            <font-awesome-icon id="info" icon="info-circle" class="ml-1"></font-awesome-icon>
            <div aria-hidden="true" class="d-none" style="display: none;">
              <div></div>
            </div>
          </div>
          <div class="row">
            <form class="wide mt-3">
              <div class="form-group"><label for="title">Title:</label> <input type="text" id="title" required="required" placeholder="Enter event title" class="form-control"></div>
              <div class="form-group"><label for="description">Description:</label> <textarea id="description" type="text" placeholder="Enter event description" required="required" class="form-control"></textarea></div>
              <div class="form-group">
                <!---->
                <ul></ul> <label for="user">Add people:</label>
                <div class="row">
                  <div class="PR0px col-9">
                    <div class="autocomplete" id="user" value="[object Object]"><input type="text" placeholder="Name" class="form-control">
                      <ul id="autocomplete-results" class="autocomplete-results" style="display: none;"></ul>
                    </div>
                  </div>
                  <div class="col-3"><button type="button" class="btn btn-primary wide">
                      Add
                    </button></div>
                </div>
              </div>
              <div class="row mt-4">
                <div class="col-12"><button type="button" class="btn wide btn-primary">
                    Create event
                  </button></div>
              </div>
            </form>
          </div>
        </div>
      </div>
    </div>
  </div>
</div>
`;
